// Jest Snapshot v1, https://goo.gl/fbAQLP

exports[`Component Buttom Snapshot Buttom Snapshot 1`] = `
<View
  accessible={true}
  focusable={false}
  isTVSelectable={true}
  onClick={[Function]}
  onResponderGrant={[Function]}
  onResponderMove={[Function]}
  onResponderRelease={[Function]}
  onResponderTerminate={[Function]}
  onResponderTerminationRequest={[Function]}
  onStartShouldSetResponder={[Function]}
  style={
    Object {
      "backgroundColor": "#fff",
      "borderColor": "transparent",
      "borderRadius": 10,
      "borderWidth": 2,
      "marginBottom": 0,
      "marginLeft": 0,
      "marginRight": 0,
      "marginTop": 0,
      "opacity": 1,
      "paddingBottom": 10,
      "paddingLeft": 0,
      "paddingRight": 0,
      "paddingTop": 10,
      "width": "100%",
    }
  }
  testID="input-component"
>
  <Text
    background="#fff"
    style={
      Array [
        Object {
          "color": "#ffffff",
          "fontFamily": "Roboto-Bold",
          "fontSize": 14,
          "lineHeight": 16,
          "textAlign": "center",
          "textTransform": "uppercase",
        },
      ]
    }
  >
    Leo
  </Text>
</View>
`;
